--------------------------------------
11/07/2026 10:35:42.42 
Repo   : thi-truc-tuyen 
Branch : main 
Commit : Cập nhật 2026-07-11 10:35 
Trạng thái : THÀNH CÔNG 
--------------------------------------
--------------------------------------
11/07/2026 10:40:54.68 
Repo   : thi-truc-tuyen 
Branch : main 
Commit : Cập nhật 2026-07-11 10:40 
Trạng thái : THÀNH CÔNG 
--------------------------------------
--------------------------------------
31/07/2026 10:49:20.52 
Repo   : thi-truc-tuyen 
Branch : main 
Commit : Cập nhật 2026-07-31 10:49 
Trạng thái : THÀNH CÔNG 
--------------------------------------
